// Jest Snapshot v1, https://goo.gl/fbAQLP

exports[`renders correctly 1`] = `
<div
  className="menu"
>
  <div
    className="menu__left"
  >
    <span
      className="logo-wiki"
    >
      Wiki
    </span>
    <span
      className="logo-pedia"
    >
      pedia
    </span>
  </div>
  <div
    className="menu__main"
  >
    <button
      className="menu__button button--choose"
    >
      Article
    </button>
    <button
      className="menu__button"
    >
      Talk
    </button>
    <button
      className="menu__button button--choose"
    >
      Read
    </button>
    <button
      className="menu__button"
    >
      View source
    </button>
    <button
      className="menu__button"
      id="theme-switch"
    >
      Change theme
    </button>
  </div>
  <div
    className="menu__search-icon"
  >
    <test-file-stub />
  </div>
  <div
    className="menu__right"
  >
    <input
      className="menu__search-input"
      placeholder="Search Wikipedia"
      type="text"
    />
    <div
      className="menu__profile-icon"
    >
      <test-file-stub />
    </div>
  </div>
</div>
`;
