// Jest Snapshot v1, https://goo.gl/fbAQLP

exports[`renders correctly 1`] = `
<div
  className="menu-wrapper"
>
  <div
    className="menu"
  >
    <div
      className="menu__logo"
    >
      <span
        className="logo-wiki"
      >
        Wiki
      </span>
      <span
        className="logo-pedia"
      >
        Clonia
      </span>
      <span
        className="logo-icon"
      >
        W
      </span>
    </div>
    <div
      className="menu__search"
    >
      <div
        className="menu__search-icon"
      >
        <test-file-stub />
      </div>
      <div
        className="menu__searchbar"
      >
        <input
          className="menu__search-input"
          onChange={[Function]}
          placeholder="Search in WikiClonia"
          type="text"
          value=""
        />
        <div
          className="searchbar__results"
        />
      </div>
    </div>
    <div
      className="menu__main"
    >
      <button
        className="menu__button"
      >
        VIEW SOURCE
      </button>
      <button
        className="menu__button"
        id="theme-switch"
      >
        LIGHT MODE
      </button>
      <button
        className="menu__button menu__icon"
      >
        <test-file-stub />
      </button>
    </div>
  </div>
</div>
`;
