// Jest Snapshot v1, https://goo.gl/fbAQLP

exports[`renders correctly 1`] = `
<span
  className="tooltip"
  onMouseLeave={[Function]}
  onMouseOver={[Function]}
>
  <a
    href="#"
  >
    Test
  </a>
</span>
`;

exports[`renders correctly 2`] = `
<span
  className="tooltip"
  onMouseLeave={[Function]}
  onMouseOver={[Function]}
>
  <a
    href="#"
  >
    Test
  </a>
</span>
`;

exports[`renders correctly 3`] = `
<span
  className="tooltip"
  onMouseLeave={[Function]}
  onMouseOver={[Function]}
>
  <a
    href="#"
  >
    Test
  </a>
</span>
`;

exports[`renders correctly 4`] = `
<span
  className="tooltip"
  onMouseLeave={[Function]}
  onMouseOver={[Function]}
>
  <a
    href="#"
  >
    Test
  </a>
</span>
`;

exports[`renders correctly 5`] = `
<span
  className="tooltip"
  onMouseLeave={[Function]}
  onMouseOver={[Function]}
>
  <a
    href="#"
  >
    Test
  </a>
</span>
`;

exports[`renders correctly 6`] = `
<span
  className="tooltip"
  onMouseLeave={[Function]}
  onMouseOver={[Function]}
>
  <a
    href="#"
  >
    Test
  </a>
</span>
`;
